I'm sorry, but errors were detected in your script. Please correct the
errors listed below, and try again.


File "game/script.rpy", line 52: expected 'image_name_component' not found.
    scene hide
          ^

Ren'Py Version: Ren'Py 7.0.0.196
Fri Aug 03 10:23:52 2018
